// Jest Snapshot v1, https://goo.gl/fbAQLP

exports[`<ContentBox /> should render snapshot 1`] = `
.c0 {
  grid-area: contentBox;
  overflow: scroll;
  width: 100%;
  height: 100%;
  background: #eff0f6;
}

<main
  class="c0"
  role="contentBox"
>
   
  Test ContentBox
</main>
`;
