// Jest Snapshot v1, https://goo.gl/fbAQLP

exports[`<List /> should render snapshot 1`] = `
.c5 {
  margin-top: 1rem;
  font-weight: 500;
  color: #36a4a8;
}

.c0 {
  position: relative;
  width: 100%;
  margin-left: 0px;
  margin-right: 0px;
  display: grid;
  grid-auto-columns: 40% auto;
  padding: 1rem;
  border-bottom: 1px solid #E3E3E3;
  display: -webkit-box;
  display: -webkit-flex;
  display: -ms-flexbox;
  display: flex;
  -webkit-box-pack: justify;
  -webkit-justify-content: space-between;
  -ms-flex-pack: justify;
  justify-content: space-between;
  -webkit-align-items: flex-end;
  -webkit-box-align: flex-end;
  -ms-flex-align: flex-end;
  align-items: flex-end;
}

.c0:hover {
  background-color: #eff0f6;
}

.c4 {
  position: absolute;
  border-bottom-left-radius: 4px;
  border-bottom-right-radius: 4px;
  padding: 0rem 2rem;
  color: #ffff;
  background: #6CD188;
  left: 50%;
  -webkit-transform: translate(-50%);
  -ms-transform: translate(-50%);
  transform: translate(-50%);
  width: 8rem;
  top: 0;
  box-shadow: 0px 2px 5px rgb(0 0 0 / 12%),0 0px 10px rgb(0 0 0 / 8%);
}

.c1 {
  text-align: justify;
  margin: 1rem;
}

.c2 {
  font-weight: bold;
  color: #60647C;
}

.c3 {
  color: #ddd;
}

<div
  class="c0"
  role="list"
>
  <div
    class="c1"
  >
    <h5
      class="c2"
    >
      List
    </h5>
    <h5
      class="c3"
    >
      List
    </h5>
    <h5
      class="c3"
    >
      2016-02-12
    </h5>
  </div>
  <div
    class="c4"
    role="tag-status"
  >
    done
  </div>
  <span
    class="c5"
  >
    R$Â 2,00
     
  </span>
</div>
`;
