// Jest Snapshot v1, https://goo.gl/fbAQLP

exports[`<SearchContainer /> should render snapshot 1`] = `
.c0 {
  background: #ffff;
  display: grid;
  grid-template-columns: 30% 20% auto;
  -webkit-box-pack: unset;
  -webkit-justify-content: unset;
  -ms-flex-pack: unset;
  justify-content: unset;
  -webkit-align-items: baseline;
  -webkit-box-align: baseline;
  -ms-flex-align: baseline;
  align-items: baseline;
  grid-gap: 1rem;
}

.c6 {
  display: -webkit-box;
  display: -webkit-flex;
  display: -ms-flexbox;
  display: flex;
  -webkit-box-pack: end;
  -webkit-justify-content: flex-end;
  -ms-flex-pack: end;
  justify-content: flex-end;
}

.c7 {
  background: #36a4a8;
  color: #ffff;
  font-size: 1em;
  margin: 1em;
  border: none;
  border-radius: 4px;
  padding: 0.8em 2em;
  width: auto;
  text-transform: uppercase;
  text-overflow: ellipsis;
  cursor: pointer;
}

.c7:hover {
  opacity: 0.8;
}

.c3 {
  display: -webkit-box;
  display: -webkit-flex;
  display: -ms-flexbox;
  display: flex;
  -webkit-flex-flow: column;
  -ms-flex-flow: column;
  flex-flow: column;
  -webkit-box-pack: start;
  -webkit-justify-content: flex-start;
  -ms-flex-pack: start;
  justify-content: flex-start;
}

.c4 {
  display: -webkit-box;
  display: -webkit-flex;
  display: -ms-flexbox;
  display: flex;
  -webkit-box-pack: space-evenly;
  -webkit-justify-content: space-evenly;
  -ms-flex-pack: space-evenly;
  justify-content: space-evenly;
  gap: 1rem;
  padding: 1rem;
  text-overflow: ellipsis;
  background: #eceff5;
  color: #3AA3AA;
  border: none;
  border-radius: 4px;
  width: auto;
}

.c5 {
  background: #eceff5;
  color: #3AA3AA;
}

.c1 {
  display: -webkit-box;
  display: -webkit-flex;
  display: -ms-flexbox;
  display: flex;
  -webkit-box-pack: start;
  -webkit-justify-content: flex-start;
  -ms-flex-pack: start;
  justify-content: flex-start;
  gap: 1rem;
  padding: 1rem;
  text-overflow: ellipsis;
  background: #eceff5;
  color: #3AA3AA;
  border: none;
  border-radius: 4px;
  width: auto;
  margin: 1rem;
}

.c2 {
  padding: 0;
  margin: 0;
  color: #3AA3AA;
  background: none;
  border: none;
  text-overflow: ellipsis;
}

@media screen and (max-width:600px) {
  .c0 {
    display: revert;
  }
}

@media screen and (max-width:600px) {
  .c7 {
    width: 100%;
  }
}

@media screen and (max-width:600px) {
  .c4 {
    margin: 1rem;
  }
}

<div
  class="c0"
  role="searchContainer"
>
  <label
    class="InputComponent__StyleContainer-sc-o1q8z5-0"
    role="input-component"
  >
    <div
      class="c1"
      name="search"
    >
      <svg
        aria-hidden="true"
        class="svg-inline--fa fa-search fa-w-16 "
        data-icon="search"
        data-prefix="fas"
        focusable="false"
        role="icon"
        viewBox="0 0 512 512"
        xmlns="http://www.w3.org/2000/svg"
      >
        <path
          d="M505 442.7L405.3 343c-4.5-4.5-10.6-7-17-7H372c27.6-35.3 44-79.7 44-128C416 93.1 322.9 0 208 0S0 93.1 0 208s93.1 208 208 208c48.3 0 92.7-16.4 128-44v16.3c0 6.4 2.5 12.5 7 17l99.7 99.7c9.4 9.4 24.6 9.4 33.9 0l28.3-28.3c9.4-9.4 9.4-24.6.1-34zM208 336c-70.7 0-128-57.2-128-128 0-70.7 57.2-128 128-128 70.7 0 128 57.2 128 128 0 70.7-57.2 128-128 128z"
          fill="currentColor"
        />
      </svg>
      <input
        class="c2"
        name="search"
        placeholder="Pesquisa Livre"
        role="search"
        value=""
      />
    </div>
  </label>
  <div
    class="c3"
    role="combobox"
  >
    <select
      class="c4"
      name="status"
      role="combobox"
    >
      <option
        class="c5"
        name="status.defaultValue"
        value=""
      >
        Status
      </option>
      <option
        class="c5"
        name="status.Done"
        value="Done"
      >
        Done
      </option>
      <option
        class="c5"
        name="status.Warning"
        value="Warning"
      >
        Warning
      </option>
      <option
        class="c5"
        name="status.Error"
        value="Error"
      >
        Error
      </option>
    </select>
  </div>
  <div
    class="c6"
  >
    <button
      class="c7"
      role="button"
      type="submit"
    >
      Buscar
    </button>
  </div>
</div>
`;
