// Jest Snapshot v1, https://goo.gl/fbAQLP

exports[`<TagState /> should render snapshot 1`] = `
.c0 {
  position: absolute;
  border-bottom-left-radius: 5px;
  border-bottom-right-radius: 5px;
  padding: 0.1rem 2rem;
  color: #ffff;
  background: #6CD188;
  left: 50%;
  -webkit-transform: translate(-50%);
  -ms-transform: translate(-50%);
  transform: translate(-50%);
  width: 7rem;
  top: 0;
  box-shadow: 0px 2px 5px rgb(0 0 0 / 12%),0 0px 10px rgb(0 0 0 / 8%);
  font-size: x-small;
  text-transform: uppercase;
}

<div
  class="c0"
  role="tag-status"
>
  Done
</div>
`;
